// Jest Snapshot v1, https://goo.gl/fbAQLP

exports[`Google Maps Can render element 1`] = `"<gmap-stub id=\\"gmap\\" cluster=\\"[object Object]\\" options=\\"[object Object]\\" zoom=\\"6\\"></gmap-stub>"`;
