// Jest Snapshot v1, https://goo.gl/fbAQLP

exports[`Mutations throws error with entry of same id 1`] = `"double entry"`;
