// Jest Snapshot v1, https://goo.gl/fbAQLP

exports[`Page Elements area range matches 1`] = `
Array [
  0,
  5,
  10,
  15,
  20,
  25,
  30,
  35,
  40,
  50,
  60,
  70,
  80,
  90,
  100,
  110,
  120,
  130,
  140,
  150,
  200,
  300,
]
`;

exports[`Page Elements price range matches 1`] = `
Array [
  0,
  25000,
  50000,
  75000,
  100000,
  125000,
  150000,
  175000,
  200000,
  225000,
  250000,
  275000,
  300000,
  325000,
  350000,
  400000,
  450000,
  500000,
  550000,
]
`;
